// Jest Snapshot v1, https://goo.gl/fbAQLP

exports[`App matches snapshot after multiple button presses 1`] = `
<View
  style={
    {
      "alignItems": "center",
      "backgroundColor": "#F5FCFF",
      "flex": 1,
      "justifyContent": "center",
    }
  }
>
  <Text
    style={
      {
        "fontSize": 24,
        "marginBottom": 20,
      }
    }
  >
    Count: 
    2
  </Text>
  <View
    accessibilityState={
      {
        "busy": undefined,
        "checked": undefined,
        "disabled": undefined,
        "expanded": undefined,
        "selected": undefined,
      }
    }
    accessibilityValue={
      {
        "max": undefined,
        "min": undefined,
        "now": undefined,
        "text": undefined,
      }
    }
    accessible={true}
    collapsable={false}
    focusable={true}
    onClick={[Function]}
    onResponderGrant={[Function]}
    onResponderMove={[Function]}
    onResponderRelease={[Function]}
    onResponderTerminate={[Function]}
    onResponderTerminationRequest={[Function]}
    onStartShouldSetResponder={[Function]}
    style={
      {
        "backgroundColor": "#007BFF",
        "borderRadius": 5,
        "opacity": 1,
        "paddingHorizontal": 20,
        "paddingVertical": 10,
      }
    }
    testID="incrementButton"
  >
    <Text
      style={
        {
          "color": "#FFFFFF",
          "fontSize": 18,
        }
      }
    >
      Increment
    </Text>
  </View>
</View>
`;

exports[`App renders correctly 1`] = `
<View
  style={
    {
      "alignItems": "center",
      "backgroundColor": "#F5FCFF",
      "flex": 1,
      "justifyContent": "center",
    }
  }
>
  <Text
    style={
      {
        "fontSize": 24,
        "marginBottom": 20,
      }
    }
  >
    Count: 
    0
  </Text>
  <View
    accessibilityState={
      {
        "busy": undefined,
        "checked": undefined,
        "disabled": undefined,
        "expanded": undefined,
        "selected": undefined,
      }
    }
    accessibilityValue={
      {
        "max": undefined,
        "min": undefined,
        "now": undefined,
        "text": undefined,
      }
    }
    accessible={true}
    collapsable={false}
    focusable={true}
    onClick={[Function]}
    onResponderGrant={[Function]}
    onResponderMove={[Function]}
    onResponderRelease={[Function]}
    onResponderTerminate={[Function]}
    onResponderTerminationRequest={[Function]}
    onStartShouldSetResponder={[Function]}
    style={
      {
        "backgroundColor": "#007BFF",
        "borderRadius": 5,
        "opacity": 1,
        "paddingHorizontal": 20,
        "paddingVertical": 10,
      }
    }
    testID="incrementButton"
  >
    <Text
      style={
        {
          "color": "#FFFFFF",
          "fontSize": 18,
        }
      }
    >
      Increment
    </Text>
  </View>
</View>
`;
